// Jest Snapshot v1, https://goo.gl/fbAQLP

exports[`Button component should render the button component e make snapshot 1`] = `
<div>
  <button
    class="btn btn-primary btn-medium"
    type="button"
  >
    Click me
  </button>
</div>
`;
